TAP version 13
ok 1 - ApplicationTest\UserTest::testValidInput
ok 2 - ApplicationTest\UserTest::testInValidInput
ok 3 - ApplicationTest\UserTest::testCreatedPassword
ok 4 - ApplicationTest\UserTest::testEmptyPassword
ok 5 - ApplicationTest\UserTest::testValidPassword
ok 6 - ApplicationTest\UserTest::testInvalidPassword
ok 7 - test\validation\ValidationTest::testValidation
ok 8 - test\validation\ValidationTest::testPropertyWithGetter
ok 9 - test\validation\ValidationTest::testNotEmpty
ok 10 - test\validation\ValidationStringsTest::testValidString
ok 11 - test\validation\ValidationStringsTest::testMinLength
ok 12 - test\validation\ValidationStringsTest::testMaxLength
ok 13 - test\validation\ValidationStringsTest::testAlphaNum
ok 14 - test\validation\ValidationStringsTest::testRegex
ok 15 - test\validation\ValidationErrorMessagesTest::testDisplayErrorMessage
ok 16 - test\validation\ValidationErrorMessagesTest::testDontDisplayErrorMessages
ok 17 - test\validation\ValidationErrorMessagesTest::testSeveralErrorMessagesOnProperty
ok 18 - test\validation\ValidationErrorMessagesTest::testSeveralErrorMessagesOnSeveralProperties
ok 19 - test\validation\ValidationNumericTest::testIsNumeric
ok 20 - test\validation\ValidationNumericTest::testIsNotNumeric
ok 21 - test\validation\ValidationNumericTest::testIsInt
ok 22 - test\validation\ValidationNumericTest::testIsNotInt
ok 23 - test\validation\ValidationNumericTest::testMaxValue
ok 24 - test\validation\ValidationNumericTest::testMinValue
ok 25 - test\validation\RouterTest::testFallbackController
ok 26 - test\validation\RouterTest::testFallbackAction
ok 27 - test\validation\RouterTest::testFallbackControllerInvalidURL
ok 28 - test\validation\RouterTest::testSetController
ok 29 - test\validation\RouterTest::testParam
ok 30 - test\validation\RouterTest::testValidURL
ok 31 - test\validation\RouterTest::testDispatchControllerFileDoesntExists
ok 32 - test\validation\RouterTest::testDispatchActionDoesntExists
ok 33 - test\validation\RouterTest::testSuccessfullDispatch
ok 34 - test\validation\RouterTest::testStaticRoutes
ok 35 - test\model\TestBloggPost::testConstruct
ok 36 - test\model\TestBloggPost::testSetters
1..36
