TAP version 13
ok 1 - ApplicationTest\UserTest::testValidInput
ok 2 - ApplicationTest\UserTest::testInValidInput
ok 3 - ApplicationTest\UserTest::testCreatedPassword
ok 4 - ApplicationTest\UserTest::testEmptyPassword
ok 5 - ApplicationTest\UserTest::testValidPassword
ok 6 - ApplicationTest\UserTest::testInvalidPassword
ok 7 - test\validation\ValidationTest::testValidation
ok 8 - test\validation\ValidationTest::testPropertyWithGetter
ok 9 - test\validation\ValidationTest::testNotEmpty
ok 10 - test\validation\ValidationErrorMessagesTest::testDisplayErrorMessage
ok 11 - test\validation\ValidationErrorMessagesTest::testDontDisplayErrorMessages
ok 12 - test\validation\ValidationErrorMessagesTest::testSeveralErrorMessagesOnProperty
ok 13 - test\validation\ValidationErrorMessagesTest::testSeveralErrorMessagesOnSeveralProperties
ok 14 - test\validation\ValidationNumericTest::testIsNumeric
ok 15 - test\validation\ValidationNumericTest::testIsNotNumeric
ok 16 - test\validation\ValidationNumericTest::testIsInt
ok 17 - test\validation\ValidationNumericTest::testIsNotInt
ok 18 - test\validation\ValidationNumericTest::testMaxValue
ok 19 - test\validation\ValidationNumericTest::testMinValue
ok 20 - test\validation\RouterTest::testFallbackController
ok 21 - test\validation\RouterTest::testFallbackAction
ok 22 - test\validation\RouterTest::testFallbackControllerInvalidURL
ok 23 - test\validation\RouterTest::testSetController
ok 24 - test\validation\RouterTest::testParam
ok 25 - test\validation\RouterTest::testValidURL
ok 26 - test\validation\RouterTest::testDispatchControllerFileDoesntExists
ok 27 - test\validation\RouterTest::testDispatchActionDoesntExists
ok 28 - test\validation\RouterTest::testSuccessfullDispatch
ok 29 - test\validation\RouterTest::testStaticRoutes
1..29
